{
    "seed": 123456,
    "data": [
        {
            "data": 29,
            "tag": "I"
        },
        {
            "data": 6,
            "tag": "I"
        },
        {
            "data": 29,
            "tag": "I"
        },
        {
            "data": 18,
            "tag": "I"
        },
        {
            "data": 1,
            "tag": "I"
        },
        {
            "data": 10,
            "tag": "I"
        },
        {
            "data": 11,
            "tag": "I"
        },
        {
            "data": 1,
            "tag": "I"
        },
        {
            "data": 22,
            "tag": "I"
        },
        {
            "data": 9,
            "tag": "I"
        },
        {
            "data": 28,
            "tag": "I"
        },
        {
            "data": 11,
            "tag": "I"
        },
        {
            "data": 13,
            "tag": "I"
        },
        {
            "data": 5,
            "tag": "I"
        },
        {
            "data": 19,
            "tag": "I"
        },
        {
            "data": 1,
            "tag": "I"
        },
        {
            "data": 15,
            "tag": "I"
        },
        {
            "data": 21,
            "tag": "I"
        },
        {
            "data": 8,
            "tag": "I"
        },
        {
            "data": 11,
            "tag": "I"
        }
    ]
}