{
    "seed": 123456,
    "data": [
        {
            "data": [
                {
                    "data": 42400810621202,
                    "tag": "I"
                },
                {
                    "data": 1525371213785,
                    "tag": "I"
                }
            ],
            "index": 0,
            "tag": "Constr"
        },
        {
            "data": [
                {
                    "data": 46868011572617,
                    "tag": "I"
                },
                {
                    "data": 9582886259391,
                    "tag": "I"
                }
            ],
            "index": 0,
            "tag": "Constr"
        },
        {
            "data": [
                {
                    "data": 174238326765205,
                    "tag": "I"
                },
                {
                    "data": 8554814725322,
                    "tag": "I"
                }
            ],
            "index": 0,
            "tag": "Constr"
        },
        {
            "data": [
                {
                    "data": -37191797315050,
                    "tag": "I"
                },
                {
                    "data": 1831965017997,
                    "tag": "I"
                }
            ],
            "index": 0,
            "tag": "Constr"
        },
        {
            "data": [
                {
                    "data": -16133462263573,
                    "tag": "I"
                },
                {
                    "data": 1337028587605,
                    "tag": "I"
                }
            ],
            "index": 0,
            "tag": "Constr"
        },
        {
            "data": [
                {
                    "data": 40281374799611,
                    "tag": "I"
                },
                {
                    "data": 8357768175633,
                    "tag": "I"
                }
            ],
            "index": 0,
            "tag": "Constr"
        },
        {
            "data": [
                {
                    "data": 132442966174454,
                    "tag": "I"
                },
                {
                    "data": 6464727373171,
                    "tag": "I"
                }
            ],
            "index": 0,
            "tag": "Constr"
        },
        {
            "data": [
                {
                    "data": 186395760277865,
                    "tag": "I"
                },
                {
                    "data": 8669022927963,
                    "tag": "I"
                }
            ],
            "index": 0,
            "tag": "Constr"
        },
        {
            "data": [
                {
                    "data": -182030704472874,
                    "tag": "I"
                },
                {
                    "data": 6091636235465,
                    "tag": "I"
                }
            ],
            "index": 0,
            "tag": "Constr"
        },
        {
            "data": [
                {
                    "data": -13300862105617,
                    "tag": "I"
                },
                {
                    "data": 595902345128,
                    "tag": "I"
                }
            ],
            "index": 0,
            "tag": "Constr"
        },
        {
            "data": [
                {
                    "data": -5940994800834,
                    "tag": "I"
                },
                {
                    "data": 741561306119,
                    "tag": "I"
                }
            ],
            "index": 0,
            "tag": "Constr"
        },
        {
            "data": [
                {
                    "data": -9852566678889,
                    "tag": "I"
                },
                {
                    "data": 674268786757,
                    "tag": "I"
                }
            ],
            "index": 0,
            "tag": "Constr"
        },
        {
            "data": [
                {
                    "data": 15181664506717,
                    "tag": "I"
                },
                {
                    "data": 1158925645364,
                    "tag": "I"
                }
            ],
            "index": 0,
            "tag": "Constr"
        },
        {
            "data": [
                {
                    "data": -57201535238476,
                    "tag": "I"
                },
                {
                    "data": 5240707217727,
                    "tag": "I"
                }
            ],
            "index": 0,
            "tag": "Constr"
        },
        {
            "data": [
                {
                    "data": 44458586353837,
                    "tag": "I"
                },
                {
                    "data": 1638715885510,
                    "tag": "I"
                }
            ],
            "index": 0,
            "tag": "Constr"
        },
        {
            "data": [
                {
                    "data": 8206940911583,
                    "tag": "I"
                },
                {
                    "data": 1266183677780,
                    "tag": "I"
                }
            ],
            "index": 0,
            "tag": "Constr"
        },
        {
            "data": [
                {
                    "data": 70394289005267,
                    "tag": "I"
                },
                {
                    "data": 3332299245019,
                    "tag": "I"
                }
            ],
            "index": 0,
            "tag": "Constr"
        },
        {
            "data": [
                {
                    "data": -10242516863743,
                    "tag": "I"
                },
                {
                    "data": 3553588077194,
                    "tag": "I"
                }
            ],
            "index": 0,
            "tag": "Constr"
        },
        {
            "data": [
                {
                    "data": -87524819880039,
                    "tag": "I"
                },
                {
                    "data": 9842065642649,
                    "tag": "I"
                }
            ],
            "index": 0,
            "tag": "Constr"
        },
        {
            "data": [
                {
                    "data": 1569613399785,
                    "tag": "I"
                },
                {
                    "data": 2717904496447,
                    "tag": "I"
                }
            ],
            "index": 0,
            "tag": "Constr"
        }
    ]
}