{
    "seed": 123456,
    "data": [
        29,
        6,
        29,
        18,
        1,
        10,
        11,
        1,
        22,
        9,
        28,
        11,
        13,
        5,
        19,
        1,
        15,
        21,
        8,
        11
    ]
}