{
    "seed": 123456,
    "data": [
        18,
        5,
        16,
        10,
        22,
        19,
        20,
        9,
        7,
        10,
        9,
        6,
        30,
        2,
        12,
        22,
        15,
        10,
        22,
        30
    ]
}