{
    "properties": {
        "numerator": {
            "type": "integer"
        },
        "denominator": {
            "type": "integer"
        }
    },
    "type": "object"
}